


Change config to [3](0,0,0)
========================================
Results for mbc.q =[ Empty vector, [ 0], [ 0], [ 0]]
mbc.jointTorque =
[ Empty vector, [ 0], [ 0], [ 0]]
IS.f().vector =
[6](0,0,0,0,39.24,0)
IS.f().vector =
[6](0,0,0,0,29.43,0)
IS.f().vector =
[6](0,0,0,0,19.62,0)
IS.f().vector =
[6](0,0,0,0,9.81,0)
IS.jointTorqueJacQ() =
[ -29, -9.8,    0]
[-9.8, -9.8,    0]
[   0,    0,    0]
IS.jointTorqueJacF() =
[ 0,  0,  0,  0,  0,  0,  0,  0,  0, -1,  0,  0,  0,  0,  0, -1,  0,  0,  0,  0,  0, -1,  0,  0]
[ 0,  0,  0,  0,  0,  0,  0,  0,  0,  0,  0,  0,  0,  0,  1, -1,  0,  0,  0,  0,  1, -1,  0,  0]
[ 0,  0,  0,  0,  0,  0,  0,  0,  0,  0,  0,  0,  0,  0,  0,  0,  0,  0,  0,  0,  2, -1,  0,  0]



Change config to [3](3.14159,0,0)
========================================
Results for mbc.q =[ Empty vector, [ 3.14159], [ 0], [ 0]]
mbc.jointTorque =
[ Empty vector, [ -3.60414e-15], [ -1.20138e-15], [ 0]]
IS.f().vector =
[6](-3.60414e-15,0,0,0,39.24,7.88861e-31)
IS.f().vector =
[6](-3.60414e-15,0,0,0,-29.43,-3.60414e-15)
IS.f().vector =
[6](-1.20138e-15,0,0,0,-19.62,-2.40276e-15)
IS.f().vector =
[6](0,0,0,0,-9.81,-1.20138e-15)
IS.jointTorqueJacQ() =
[     29,     9.8, 1.2e-15]
[    9.8,     9.8, 6.2e-16]
[      0,       0,       0]
IS.jointTorqueJacF() =
[       0,        0,        0,        0,        0,        0,        0,        0,        0,       -1,        0,        0,        0,        0, -7.5e-17,       -1,        0,        0,        0,        0, -7.5e-17,       -1,        0,        0]
[       0,        0,        0,        0,        0,        0,        0,        0,        0,        0,        0,        0,        0, -1.2e-16,       -1,       -1,        0,        0,        0, -1.2e-16,       -1,       -1,        0,        0]
[       0,        0,        0,        0,        0,        0,        0,        0,        0,        0,        0,        0,        0,        0,        0,        0,        0,        0,        0, -2.4e-16,       -2,       -1,        0,        0]



Change config to [3](0,1.5708,0)
========================================
Results for mbc.q =[ Empty vector, [ 0], [ 1.5708], [ 0]]
mbc.jointTorque =
[ Empty vector, [ -9.81], [ -9.81], [ 0]]
IS.f().vector =
[6](-9.81,0,0,0,39.24,0)
IS.f().vector =
[6](-9.81,0,0,0,29.43,0)
IS.f().vector =
[6](-9.81,0,0,0,1.20138e-15,-19.62)
IS.f().vector =
[6](0,0,0,0,6.00689e-16,-9.81)
IS.jointTorqueJacQ() =
[-20,   0,   0]
[  0,   0,   0]
[  0,   0,   0]
IS.jointTorqueJacF() =
[ 0,  0,  0,  0,  0,  0,  0,  0,  0, -1,  0,  0,  0,  0,  0, -1,  0,  0,  0,  0,  0, -1,  0,  0]
[ 0,  0,  0,  0,  0,  0,  0,  0,  0,  0,  0,  0,  0,  0,  1, -1,  0,  0,  0,  0,  1, -1,  0,  0]
[ 0,  0,  0,  0,  0,  0,  0,  0,  0,  0,  0,  0,  0,  0,  0,  0,  0,  0,  0, -1,  1, -1,  0,  0]



Change config to [3](0.4,0.1,0.2)
========================================
Results for mbc.q =[ Empty vector, [ 0.4], [ 0.1], [ 0.2]]
mbc.jointTorque =
[ Empty vector, [ -12.3436], [ -4.70316], [ 0]]
IS.f().vector =
[6](-12.3436,0,0,0,39.24,1.77636e-15)
IS.f().vector =
[6](-12.3436,0,0,0,27.1068,-11.4606)
IS.f().vector =
[6](-4.70316,0,0,0,17.2182,-9.40633)
IS.f().vector =
[6](0,0,0,0,7.5031,-6.31978)
IS.jointTorqueJacQ() =
[ -27, -8.6,    0]
[-8.6, -8.6,    0]
[   0,    0,    0]
IS.jointTorqueJacF() =
[    0,     0,     0,     0,     0,     0,     0,     0,     0,    -1,     0,     0,     0,     0,     0,    -1,     0,     0,     0,     0,     0,    -1,     0,     0]
[    0,     0,     0,     0,     0,     0,     0,     0,     0,     0,     0,     0,     0, -0.39,  0.92,    -1,     0,     0,     0, -0.39,  0.92,    -1,     0,     0]
[    0,     0,     0,     0,     0,     0,     0,     0,     0,     0,     0,     0,     0,     0,     0,     0,     0,     0,     0, -0.87,   1.8,    -1,     0,     0]

